// Jest Snapshot v1, https://goo.gl/fbAQLP

exports[`<BookCard/> should render the heading 1`] = `
.c0 {
  display: -webkit-box;
  display: -webkit-flex;
  display: -ms-flexbox;
  display: flex;
  -webkit-flex-direction: row;
  -ms-flex-direction: row;
  flex-direction: row;
  -webkit-box-pack: start;
  -webkit-justify-content: flex-start;
  -ms-flex-pack: start;
  justify-content: flex-start;
  width: 27rem;
  vertical-align: center;
  height: 16rem;
  background-color: #FFFFFF;
  margin-left: 1.6rem;
  margin-bottom: 1.6rem;
  cursor: pointer;
  box-shadow: 0px 1px 10px rgba(0,0,0,0.04),0px 8px 80px rgba(0,0,0,0.09);
}

.c1 {
  height: 16rem;
  width: 12rem;
  padding: 0.8rem;
}

.c1 img {
  width: 100%;
  height: 100%;
  object-fit: cover;
  box-shadow: 0px 1.8px 2.2px rgba(0,0,0,0.017),0px 4.3px 5.3px rgba(0,0,0,0.024),0px 8.1px 10px rgba(0,0,0,0.03),0px 14.5px 17.9px rgba(0,0,0,0.036),0px 27.2px 33.4px rgba(0,0,0,0.043),0px 65px 80px rgba(0,0,0,0.06);
}

.c2 {
  display: -webkit-box;
  display: -webkit-flex;
  display: -ms-flexbox;
  display: flex;
  -webkit-flex-direction: column;
  -ms-flex-direction: column;
  flex-direction: column;
  -webkit-box-pack: justify;
  -webkit-justify-content: space-between;
  -ms-flex-pack: justify;
  justify-content: space-between;
  padding-left: 0.8rem;
}

.c3 {
  display: -webkit-box;
  display: -webkit-flex;
  display: -ms-flexbox;
  display: flex;
  -webkit-flex-direction: column;
  -ms-flex-direction: column;
  flex-direction: column;
  -webkit-box-pack: start;
  -webkit-justify-content: flex-start;
  -ms-flex-pack: start;
  justify-content: flex-start;
  text-align: left;
  padding: 1.6rem 0;
}

.c6 {
  display: -webkit-box;
  display: -webkit-flex;
  display: -ms-flexbox;
  display: flex;
  -webkit-flex-direction: column;
  -ms-flex-direction: column;
  flex-direction: column;
  -webkit-box-pack: start;
  -webkit-justify-content: flex-start;
  -ms-flex-pack: start;
  justify-content: flex-start;
  text-align: left;
  padding: 2.4rem 0;
}

.c4 {
  color: #333333;
  font-weight: 500;
  font-size: 1.4rem;
}

.c5 {
  color: #AB2680;
  font-weight: 400;
  font-size: 1.2rem;
}

.c7 {
  color: #999999;
  font-weight: 300;
  font-size: 1.2rem;
}

.c8 {
  color: #999999;
  font-weight: 300;
  font-size: 1.2rem;
}

.c9 {
  color: #999999;
  font-weight: 300;
  font-size: 1.2rem;
}

<section
  class="c0"
>
  <div
    class="c1"
  >
    <img
      alt="Livro 1"
      src="./img/Book 1.png"
    />
  </div>
  <div
    class="c2"
  >
    <div
      class="c3"
    >
      <h2
        class="c4"
      >
        Livro 1
      </h2>
      <h3
        class="c5"
      >
        Vitor Pouza
      </h3>
    </div>
    <div
      class="c6"
    >
      <p
        class="c7"
      >
        49
      </p>
      <p
        class="c8"
      >
        PZA Inc
      </p>
      <p
        class="c9"
      >
        21 abril 2022
      </p>
    </div>
  </div>
</section>
`
